// Jest Snapshot v1, https://goo.gl/fbAQLP

exports[`Test rendering of Dependency Admin 1`] = `
<div
  className="sc-bdVaJa hnbuyY"
>
  <div
    className="sc-bwzfXH jUhrSV"
  >
    <h1
      className="sc-htpNat icdEFH"
    >
      Dependency Admin
    </h1>
    <div
      id="DataGrid"
    >
      DataGrid
    </div>
  </div>
</div>
`;
